[preview.colorlib.com/theme/interior2/index.html]
[backblue.gif]
[fade.gif]
[index.html]
[preview.colorlib.com/theme/interior2/img/favicon.png]
[preview.colorlib.com/theme/interior2/css/bootstrap.min.css]
[preview.colorlib.com/theme/interior2/css/owl.carousel.min.css]
[preview.colorlib.com/theme/interior2/css/magnific-popup.css]
[preview.colorlib.com/theme/interior2/css/font-awesome.min.css]
[preview.colorlib.com/theme/interior2/css/themify-icons.css]
[preview.colorlib.com/theme/interior2/css/nice-select.css]
[preview.colorlib.com/theme/interior2/css/flaticon.css]
[preview.colorlib.com/theme/interior2/css/gijgo.css]
[preview.colorlib.com/theme/interior2/css/animate.css]
[preview.colorlib.com/theme/interior2/css/slick.css]
[preview.colorlib.com/theme/interior2/css/slicknav.css]
[preview.colorlib.com/theme/interior2/css/style.css]
[preview.colorlib.com/theme/interior2/img/logo.png]
[preview.colorlib.com/theme/interior2/Projects.html]
[preview.colorlib.com/theme/interior2/about.html]
[preview.colorlib.com/theme/interior2/project_details.html]
[preview.colorlib.com/theme/interior2/elements.html]
[preview.colorlib.com/theme/interior2/blog.html]
[preview.colorlib.com/theme/interior2/single-blog.html]
[preview.colorlib.com/theme/interior2/contact.html]
[preview.colorlib.com/theme/interior2/img/works/1.png]
[preview.colorlib.com/theme/interior2/img/works/2.png]
[preview.colorlib.com/theme/interior2/img/works/3.png]
[preview.colorlib.com/theme/interior2/img/works/4.png]
[preview.colorlib.com/theme/interior2/img/creative_mind/1.png]
[preview.colorlib.com/theme/interior2/img/svg_icon/quote.svg]
[preview.colorlib.com/theme/interior2/img/case/testmonial.png]
[preview.colorlib.com/theme/interior2/img/instragram/1.png]
[preview.colorlib.com/theme/interior2/img/instragram/2.png]
[preview.colorlib.com/theme/interior2/img/instragram/3.png]
[preview.colorlib.com/cdn-cgi/scripts/5c5dd728/cloudflare-static/email-decode.min.js]
[cdnjs.cloudflare.com/ajax/libs/jquery/3.2.1/jquery.min.js]
[static.codepen.io/assets/common/stopExecutionOnTimeout-de7e2ef6bfefd24b79a3f68b414b87b8db5b08439cac3f1012092b2290c719cd.24.delayed]
[cdnjs.cloudflare.com/ajax/libs/jqueryui/1.12.1/jquery-ui.min.js]
[preview.colorlib.com/theme/interior2/js/vendor/modernizr-3.5.0.min.js]
[preview.colorlib.com/theme/interior2/js/popper.min.js]
[preview.colorlib.com/theme/interior2/js/bootstrap.min.js]
[preview.colorlib.com/theme/interior2/js/owl.carousel.min.js]
[preview.colorlib.com/theme/interior2/js/isotope.pkgd.min.js]
[preview.colorlib.com/theme/interior2/js/ajax-form.js]
[preview.colorlib.com/theme/interior2/js/waypoints.min.js]
[preview.colorlib.com/theme/interior2/js/jquery.counterup.min.js]
[preview.colorlib.com/theme/interior2/js/imagesloaded.pkgd.min.js]
[preview.colorlib.com/theme/interior2/js/scrollIt.js]
[preview.colorlib.com/theme/interior2/js/jquery.scrollUp.min.js]
[preview.colorlib.com/theme/interior2/js/wow.min.js]
[preview.colorlib.com/theme/interior2/js/nice-select.min.js]
[preview.colorlib.com/theme/interior2/js/jquery.slicknav.min.js]
[preview.colorlib.com/theme/interior2/js/jquery.magnific-popup.min.js]
[preview.colorlib.com/theme/interior2/js/plugins.js]
[preview.colorlib.com/theme/interior2/js/slick.min.js]
[preview.colorlib.com/theme/interior2/js/contact.js]
[preview.colorlib.com/theme/interior2/js/jquery.ajaxchimp.min.js]
[preview.colorlib.com/theme/interior2/js/jquery.form.js]
[preview.colorlib.com/theme/interior2/js/jquery.validate.min.js]
[preview.colorlib.com/theme/interior2/js/mail-script.js]
[preview.colorlib.com/theme/interior2/js/main.js]
[preview.colorlib.com/theme/interior2/index.html]
[preview.colorlib.com/theme/interior2/css/bootstrap.min.css]
[preview.colorlib.com/theme/interior2/css/owl.video.play.png]
[preview.colorlib.com/theme/interior2/css/owl.carousel.min.css]
[preview.colorlib.com/theme/interior2/css/magnific-popup.css]
[preview.colorlib.com/theme/interior2/fonts/fontawesome-webfont3e6e.eot]
[preview.colorlib.com/theme/interior2/fonts/fontawesome-webfontd41d.eot]
[preview.colorlib.com/theme/interior2/fonts/fontawesome-webfont3e6e.woff2]
[preview.colorlib.com/theme/interior2/fonts/fontawesome-webfont3e6e.woff]
[preview.colorlib.com/theme/interior2/fonts/fontawesome-webfont3e6e.ttf]
[preview.colorlib.com/theme/interior2/css/font-awesome.min.css]
[preview.colorlib.com/theme/interior2/fonts/fontawesome-webfont3e6e.svg]
[preview.colorlib.com/theme/interior2/fonts/themify9f24.eot]
[preview.colorlib.com/theme/interior2/fonts/themifyd41d.eot]
[preview.colorlib.com/theme/interior2/fonts/themify9f24.woff]
[preview.colorlib.com/theme/interior2/fonts/themify9f24.ttf]
[preview.colorlib.com/theme/interior2/css/themify-icons.css]
[preview.colorlib.com/theme/interior2/css/nice-select.css]
[preview.colorlib.com/theme/interior2/fonts/themify9f24.svg]
[preview.colorlib.com/theme/interior2/fonts/Flaticon.eot]
[preview.colorlib.com/theme/interior2/fonts/Flaticond41d.eot]
[preview.colorlib.com/theme/interior2/fonts/Flaticon.woff2]
[preview.colorlib.com/theme/interior2/fonts/Flaticon.woff]
[preview.colorlib.com/theme/interior2/fonts/Flaticon.ttf]
[preview.colorlib.com/theme/interior2/fonts/Flaticon.svg]
[preview.colorlib.com/theme/interior2/css/Flaticon.svg]
[preview.colorlib.com/theme/interior2/css/flaticon.css]
[preview.colorlib.com/theme/interior2/fonts/gijgo-materialba15.eot]
[preview.colorlib.com/theme/interior2/fonts/gijgo-materialba15.ttf]
[preview.colorlib.com/theme/interior2/fonts/gijgo-materialba15.woff]
[preview.colorlib.com/theme/interior2/css/gijgo.css]
[preview.colorlib.com/theme/interior2/css/animate.css]
[preview.colorlib.com/theme/interior2/css/slick.css]
[preview.colorlib.com/theme/interior2/css/slicknav.css]
[preview.colorlib.com/theme/interior2/fonts/gijgo-materialba15.svg]
[ajax.googleapis.com/ajax/libs/jqueryui/1.11.2/themes/smoothness/images/ui-bg_flat_75_ffffff_40x100.png]
[ajax.googleapis.com/ajax/libs/jqueryui/1.11.2/themes/smoothness/images/ui-bg_highlight-soft_75_cccccc_1x100.png]
[ajax.googleapis.com/ajax/libs/jqueryui/1.11.2/themes/smoothness/images/ui-bg_glass_75_e6e6e6_1x400.png]
[ajax.googleapis.com/ajax/libs/jqueryui/1.11.2/themes/smoothness/images/ui-bg_glass_75_dadada_1x400.png]
[ajax.googleapis.com/ajax/libs/jqueryui/1.11.2/themes/smoothness/images/ui-bg_glass_65_ffffff_1x400.png]
[ajax.googleapis.com/ajax/libs/jqueryui/1.11.2/themes/smoothness/images/ui-bg_glass_55_fbf9ee_1x400.png]
[ajax.googleapis.com/ajax/libs/jqueryui/1.11.2/themes/smoothness/images/ui-bg_glass_95_fef1ec_1x400.png]
[ajax.googleapis.com/ajax/libs/jqueryui/1.11.2/themes/smoothness/images/ui-icons_222222_256x240.png]
[ajax.googleapis.com/ajax/libs/jqueryui/1.11.2/themes/smoothness/images/ui-icons_888888_256x240.png]
[ajax.googleapis.com/ajax/libs/jqueryui/1.11.2/themes/smoothness/images/ui-icons_454545_256x240.png]
[ajax.googleapis.com/ajax/libs/jqueryui/1.11.2/themes/smoothness/images/ui-icons_2e83ff_256x240.png]
[ajax.googleapis.com/ajax/libs/jqueryui/1.11.2/themes/smoothness/images/ui-icons_cd0a0a_256x240.png]
[ajax.googleapis.com/ajax/libs/jqueryui/1.11.2/themes/smoothness/images/ui-bg_flat_0_aaaaaa_40x100.png]
[ajax.googleapis.com/ajax/libs/jqueryui/1.11.2/themes/smoothness/jquery-ui.css]
[preview.colorlib.com/theme/interior2/img/banner/banner.png]
[preview.colorlib.com/theme/interior2/img/banner/banner2.png]
[preview.colorlib.com/theme/interior2/img/banner/testmonial.png]
[preview.colorlib.com/theme/interior2/img/prise/2.png]
[preview.colorlib.com/theme/interior2/img/prise/3.png]
[preview.colorlib.com/theme/interior2/img/prise/1.png]
[preview.colorlib.com/theme/interior2/img/banner/bradcam.png]
[preview.colorlib.com/theme/interior2/img/banner/bradcam2.png]
[preview.colorlib.com/theme/interior2/img/banner/bradcam3.png]
[preview.colorlib.com/theme/interior2/img/banner/details.png]
[preview.colorlib.com/theme/interior2/img/elements/primary-check.png]
[preview.colorlib.com/theme/interior2/img/elements/success-check.png]
[preview.colorlib.com/theme/interior2/img/elements/disabled-check.png]
[preview.colorlib.com/theme/interior2/img/elements/primary-radio.png]
[preview.colorlib.com/theme/interior2/img/elements/success-radio.png]
[preview.colorlib.com/theme/interior2/img/elements/disabled-radio.png]
[preview.colorlib.com/theme/interior2/css/style.css]
[preview.colorlib.com/cdn-cgi/zaraz/sd0d9.js]
[preview.colorlib.com/theme/interior2/Projects.html]
[preview.colorlib.com/theme/interior2/img/misson/1.png]
[preview.colorlib.com/theme/interior2/img/team/3.png]
[preview.colorlib.com/theme/interior2/img/team/2.png]
[preview.colorlib.com/theme/interior2/img/team/1.png]
[preview.colorlib.com/theme/interior2/about.html]
[preview.colorlib.com/theme/interior2/js/vendor/jquery-1.12.4.min.js]
[preview.colorlib.com/theme/interior2/img/details-img/details_banner.png]
[preview.colorlib.com/theme/interior2/img/details-img/1.png]
[preview.colorlib.com/theme/interior2/img/details-img/2.png]
[preview.colorlib.com/theme/interior2/project_details.html]
[preview.colorlib.com/theme/interior2/img/elements/d.jpg]
[preview.colorlib.com/theme/interior2/img/elements/f1.jpg]
[preview.colorlib.com/theme/interior2/img/elements/f2.jpg]
[preview.colorlib.com/theme/interior2/img/elements/f3.jpg]
[preview.colorlib.com/theme/interior2/img/elements/f4.jpg]
[preview.colorlib.com/theme/interior2/img/elements/f5.jpg]
[preview.colorlib.com/theme/interior2/img/elements/f6.jpg]
[preview.colorlib.com/theme/interior2/img/elements/f7.jpg]
[preview.colorlib.com/theme/interior2/img/elements/f8.jpg]
[preview.colorlib.com/theme/interior2/img/elements/g1.jpg]
[preview.colorlib.com/theme/interior2/img/elements/g2.jpg]
[preview.colorlib.com/theme/interior2/img/elements/g3.jpg]
[preview.colorlib.com/theme/interior2/img/elements/g4.jpg]
[preview.colorlib.com/theme/interior2/img/elements/g5.jpg]
[preview.colorlib.com/theme/interior2/img/elements/g6.jpg]
[preview.colorlib.com/theme/interior2/img/elements/g7.jpg]
[preview.colorlib.com/theme/interior2/img/elements/g8.jpg]
[preview.colorlib.com/theme/interior2/elements.html]
[preview.colorlib.com/theme/interior2/js/gijgo.min.js]
[preview.colorlib.com/theme/interior2/img/blog/single_blog_1.png]
[preview.colorlib.com/theme/interior2/img/blog/single_blog_2.png]
[preview.colorlib.com/theme/interior2/img/blog/single_blog_3.png]
[preview.colorlib.com/theme/interior2/img/blog/single_blog_4.png]
[preview.colorlib.com/theme/interior2/img/blog/single_blog_5.png]
[preview.colorlib.com/theme/interior2/img/post/post_1.png]
[preview.colorlib.com/theme/interior2/img/post/post_2.png]
[preview.colorlib.com/theme/interior2/img/post/post_3.png]
[preview.colorlib.com/theme/interior2/img/post/post_4.png]
[preview.colorlib.com/theme/interior2/img/post/post_5.png]
[preview.colorlib.com/theme/interior2/img/post/post_6.png]
[preview.colorlib.com/theme/interior2/img/post/post_7.png]
[preview.colorlib.com/theme/interior2/img/post/post_8.png]
[preview.colorlib.com/theme/interior2/img/post/post_9.png]
[preview.colorlib.com/theme/interior2/img/post/post_10.png]
[preview.colorlib.com/theme/interior2/blog.html]
[preview.colorlib.com/theme/interior2/img/post/preview.png]
[preview.colorlib.com/theme/interior2/img/post/next.png]
[preview.colorlib.com/theme/interior2/img/blog/author.png]
[preview.colorlib.com/theme/interior2/img/comment/comment_1.png]
[preview.colorlib.com/theme/interior2/img/comment/comment_2.png]
[preview.colorlib.com/theme/interior2/img/comment/comment_3.png]
[preview.colorlib.com/theme/interior2/single-blog.html]
[preview.colorlib.com/theme/interior2/contact.html]
[preview.colorlib.com/theme/interior2/img/svg_icon/quote.svg]
[static.codepen.io/assets/common/stopExecutionOnTimeout-de7e2ef6bfefd24b79a3f68b414b87b8db5b08439cac3f1012092b2290c719cd.html]
[preview.colorlib.com/theme/interior2/css/owl.video.play.html]
[preview.colorlib.com/theme/interior2/fonts/fontawesome-webfont3e6e.svg]
[preview.colorlib.com/theme/interior2/fonts/themify9f24.svg]
[preview.colorlib.com/theme/interior2/fonts/Flaticon.svg]
[preview.colorlib.com/theme/interior2/css/Flaticon.html]
[preview.colorlib.com/theme/interior2/fonts/gijgo-materialba15.svg]
